simple { OP_LBRACE
simple } OP_RBRACE
simple [ OP_LSQUARE
simple ] OP_RSQUARE
invalid #
invalid ##
simple ( OP_LPAREN
simple ) OP_RPAREN
simple <: OP_LSQUARE
simple :> OP_RSQUARE
simple <% OP_LBRACE
simple %> OP_RBRACE
invalid %:
invalid %:%:
simple ; OP_SEMICOLON
simple : OP_COLON
simple ... OP_DOTS
simple new KW_NEW
simple delete KW_DELETE
simple ? OP_QMARK
simple :: OP_COLON2
simple . OP_DOT
simple .* OP_DOTSTAR
simple + OP_PLUS
simple - OP_MINUS
simple * OP_STAR
simple / OP_DIV
simple % OP_MOD
simple ^ OP_XOR
simple & OP_AMP
simple | OP_BOR
simple ~ OP_COMPL
simple ! OP_LNOT
simple = OP_ASS
simple < OP_LT
simple > OP_GT
simple += OP_PLUSASS
simple -= OP_MINUSASS
simple *= OP_STARASS
simple /= OP_DIVASS
simple %= OP_MODASS
simple ^= OP_XORASS
simple &= OP_BANDASS
simple |= OP_BORASS
simple << OP_LSHIFT
simple >> OP_RSHIFT
simple >>= OP_RSHIFTASS
simple <<= OP_LSHIFTASS
simple == OP_EQ
simple != OP_NE
simple <= OP_LE
simple >= OP_GE
simple && OP_LAND
simple || OP_LOR
simple ++ OP_INC
simple -- OP_DEC
simple , OP_COMMA
simple ->* OP_ARROWSTAR
simple -> OP_ARROW
simple and OP_LAND
simple and_eq OP_BANDASS
simple bitand OP_AMP
simple bitor OP_BOR
simple compl OP_COMPL
simple not OP_LNOT
simple not_eq OP_NE
simple or OP_LOR
simple or_eq OP_BORASS
simple xor OP_XOR
simple xor_eq OP_XORASS
simple < OP_LT
simple :: OP_COLON2
eof
